
 RUN  v2.1.9 /Users/sumanthrajkumarnagolu/Projects/intime-v3

stderr | tests/integration/guidewire-guru-flow.test.ts > Guidewire Guru Integration Flow > Complete Question Flow > should complete full student question flow
GoTrueClient@sb-gkwhxmvugnjwwwiufmdy-auth-token:1 (2.83.0) 2025-11-22T12:05:57.093Z Multiple GoTrueClient instances detected in the same browser context. It is not an error, but this should be avoided as it may produce undefined behavior when used concurrently under the same storage key.

stdout | tests/integration/guidewire-guru-flow.test.ts > Guidewire Guru Integration Flow > Complete Question Flow > should complete full student question flow
[CoordinatorAgent] Logging interaction for: 7198c52a-0985-4217-9b62-230da8129d0e

stderr | tests/integration/guidewire-guru-flow.test.ts > Guidewire Guru Integration Flow > Complete Question Flow > should complete full student question flow
[CoordinatorAgent] Supabase INSERT error: {
  code: '22P02',
  details: null,
  hint: null,
  message: 'invalid input syntax for type integer: "256.6143330000001"'
}

 × tests/integration/guidewire-guru-flow.test.ts > Guidewire Guru Integration Flow > Complete Question Flow > should complete full student question flow 385ms
   → expected 0 to be greater than 0
stdout | tests/integration/guidewire-guru-flow.test.ts > Guidewire Guru Integration Flow > Complete Question Flow > should handle conversation context
[CoordinatorAgent] Logging interaction for: 7198c52a-0985-4217-9b62-230da8129d0e

stderr | tests/integration/guidewire-guru-flow.test.ts > Guidewire Guru Integration Flow > Complete Question Flow > should handle conversation context
[CoordinatorAgent] Supabase INSERT error: {
  code: '22P02',
  details: null,
  hint: null,
  message: 'invalid input syntax for type integer: "225.49170800000002"'
}

stdout | tests/integration/guidewire-guru-flow.test.ts > Guidewire Guru Integration Flow > Complete Question Flow > should handle conversation context
[CoordinatorAgent] Logging interaction for: 7198c52a-0985-4217-9b62-230da8129d0e

stderr | tests/integration/guidewire-guru-flow.test.ts > Guidewire Guru Integration Flow > Complete Question Flow > should handle conversation context
[CoordinatorAgent] Supabase INSERT error: {
  code: '22P02',
  details: null,
  hint: null,
  message: 'invalid input syntax for type integer: "246.99687500000005"'
}

 ✓ tests/integration/guidewire-guru-flow.test.ts > Guidewire Guru Integration Flow > Complete Question Flow > should handle conversation context 584ms
stdout | tests/integration/guidewire-guru-flow.test.ts > Guidewire Guru Integration Flow > Complete Question Flow > should route different question types correctly
[CoordinatorAgent] Logging interaction for: 7198c52a-0985-4217-9b62-230da8129d0e

stderr | tests/integration/guidewire-guru-flow.test.ts > Guidewire Guru Integration Flow > Complete Question Flow > should route different question types correctly
[CoordinatorAgent] Supabase INSERT error: {
  code: '22P02',
  details: null,
  hint: null,
  message: 'invalid input syntax for type integer: "238.06837500000006"'
}

stdout | tests/integration/guidewire-guru-flow.test.ts > Guidewire Guru Integration Flow > Complete Question Flow > should route different question types correctly
[CoordinatorAgent] Logging interaction for: 7198c52a-0985-4217-9b62-230da8129d0e

stderr | tests/integration/guidewire-guru-flow.test.ts > Guidewire Guru Integration Flow > Complete Question Flow > should route different question types correctly
[CoordinatorAgent] Supabase INSERT error: {
  code: '22P02',
  details: null,
  hint: null,
  message: 'invalid input syntax for type integer: "242.3770840000002"'
}

stdout | tests/integration/guidewire-guru-flow.test.ts > Guidewire Guru Integration Flow > Complete Question Flow > should route different question types correctly
[CoordinatorAgent] Logging interaction for: 7198c52a-0985-4217-9b62-230da8129d0e

stderr | tests/integration/guidewire-guru-flow.test.ts > Guidewire Guru Integration Flow > Complete Question Flow > should route different question types correctly
[CoordinatorAgent] Supabase INSERT error: {
  code: '22P02',
  details: null,
  hint: null,
  message: 'invalid input syntax for type integer: "237.69629200000008"'
}

 × tests/integration/guidewire-guru-flow.test.ts > Guidewire Guru Integration Flow > Complete Question Flow > should route different question types correctly 877ms
   → expected 'code_mentor' to be 'project_planner' // Object.is equality
stderr | tests/integration/guidewire-guru-flow.test.ts > Guidewire Guru Integration Flow > Escalation Flow > should detect repeated questions and escalate
[CodeMentorAgent] Failed to fetch student progress: {
  code: '22P02',
  details: null,
  hint: null,
  message: 'invalid input syntax for type uuid: "escalation-test-1763813158938"'
}

stderr | tests/integration/guidewire-guru-flow.test.ts > Guidewire Guru Integration Flow > Escalation Flow > should detect repeated questions and escalate
[CodeMentorAgent] Failed to update progress: {
  code: '22P02',
  details: null,
  hint: null,
  message: 'invalid input syntax for type uuid: "escalation-test-1763813158938"'
}

stdout | tests/integration/guidewire-guru-flow.test.ts > Guidewire Guru Integration Flow > Escalation Flow > should detect repeated questions and escalate
[CoordinatorAgent] Logging interaction for: escalation-test-1763813158938

stderr | tests/integration/guidewire-guru-flow.test.ts > Guidewire Guru Integration Flow > Escalation Flow > should detect repeated questions and escalate
[CoordinatorAgent] Supabase INSERT error: {
  code: '22P02',
  details: null,
  hint: null,
  message: 'invalid input syntax for type integer: "206.45954100000017"'
}

stderr | tests/integration/guidewire-guru-flow.test.ts > Guidewire Guru Integration Flow > Escalation Flow > should detect repeated questions and escalate
[CodeMentorAgent] Failed to fetch student progress: {
  code: '22P02',
  details: null,
  hint: null,
  message: 'invalid input syntax for type uuid: "escalation-test-1763813159233"'
}

stderr | tests/integration/guidewire-guru-flow.test.ts > Guidewire Guru Integration Flow > Escalation Flow > should detect repeated questions and escalate
[CodeMentorAgent] Failed to update progress: {
  code: '22P02',
  details: null,
  hint: null,
  message: 'invalid input syntax for type uuid: "escalation-test-1763813159233"'
}

stdout | tests/integration/guidewire-guru-flow.test.ts > Guidewire Guru Integration Flow > Escalation Flow > should detect repeated questions and escalate
[CoordinatorAgent] Logging interaction for: escalation-test-1763813159233

stderr | tests/integration/guidewire-guru-flow.test.ts > Guidewire Guru Integration Flow > Escalation Flow > should detect repeated questions and escalate
[CoordinatorAgent] Supabase INSERT error: {
  code: '22P02',
  details: null,
  hint: null,
  message: 'invalid input syntax for type integer: "255.54441700000007"'
}

stderr | tests/integration/guidewire-guru-flow.test.ts > Guidewire Guru Integration Flow > Escalation Flow > should detect repeated questions and escalate
[CodeMentorAgent] Failed to fetch student progress: {
  code: '22P02',
  details: null,
  hint: null,
  message: 'invalid input syntax for type uuid: "escalation-test-1763813159585"'
}

stderr | tests/integration/guidewire-guru-flow.test.ts > Guidewire Guru Integration Flow > Escalation Flow > should detect repeated questions and escalate
[CodeMentorAgent] Failed to update progress: {
  code: '22P02',
  details: null,
  hint: null,
  message: 'invalid input syntax for type uuid: "escalation-test-1763813159585"'
}

stdout | tests/integration/guidewire-guru-flow.test.ts > Guidewire Guru Integration Flow > Escalation Flow > should detect repeated questions and escalate
[CoordinatorAgent] Logging interaction for: escalation-test-1763813159585

stderr | tests/integration/guidewire-guru-flow.test.ts > Guidewire Guru Integration Flow > Escalation Flow > should detect repeated questions and escalate
[CoordinatorAgent] Supabase INSERT error: {
  code: '22P02',
  details: null,
  hint: null,
  message: 'invalid input syntax for type integer: "256.2690419999999"'
}

stderr | tests/integration/guidewire-guru-flow.test.ts > Guidewire Guru Integration Flow > Escalation Flow > should detect repeated questions and escalate
[CodeMentorAgent] Failed to fetch student progress: {
  code: '22P02',
  details: null,
  hint: null,
  message: 'invalid input syntax for type uuid: "escalation-test-1763813159924"'
}

stderr | tests/integration/guidewire-guru-flow.test.ts > Guidewire Guru Integration Flow > Escalation Flow > should detect repeated questions and escalate
[CodeMentorAgent] Failed to update progress: {
  code: '22P02',
  details: null,
  hint: null,
  message: 'invalid input syntax for type uuid: "escalation-test-1763813159924"'
}

stdout | tests/integration/guidewire-guru-flow.test.ts > Guidewire Guru Integration Flow > Escalation Flow > should detect repeated questions and escalate
[CoordinatorAgent] Logging interaction for: escalation-test-1763813159924

stderr | tests/integration/guidewire-guru-flow.test.ts > Guidewire Guru Integration Flow > Escalation Flow > should detect repeated questions and escalate
[CoordinatorAgent] Supabase INSERT error: {
  code: '22P02',
  details: null,
  hint: null,
  message: 'invalid input syntax for type integer: "265.8684159999998"'
}

stderr | tests/integration/guidewire-guru-flow.test.ts > Guidewire Guru Integration Flow > Escalation Flow > should detect repeated questions and escalate
[CodeMentorAgent] Failed to fetch student progress: {
  code: '22P02',
  details: null,
  hint: null,
  message: 'invalid input syntax for type uuid: "escalation-test-1763813160271"'
}

stderr | tests/integration/guidewire-guru-flow.test.ts > Guidewire Guru Integration Flow > Escalation Flow > should detect repeated questions and escalate
[CodeMentorAgent] Failed to update progress: {
  code: '22P02',
  details: null,
  hint: null,
  message: 'invalid input syntax for type uuid: "escalation-test-1763813160271"'
}

stdout | tests/integration/guidewire-guru-flow.test.ts > Guidewire Guru Integration Flow > Escalation Flow > should detect repeated questions and escalate
[CoordinatorAgent] Logging interaction for: escalation-test-1763813160271

stderr | tests/integration/guidewire-guru-flow.test.ts > Guidewire Guru Integration Flow > Escalation Flow > should detect repeated questions and escalate
[CoordinatorAgent] Supabase INSERT error: {
  code: '22P02',
  details: null,
  hint: null,
  message: 'invalid input syntax for type integer: "258.3549579999999"'
}

stderr | tests/integration/guidewire-guru-flow.test.ts > Guidewire Guru Integration Flow > Escalation Flow > should detect repeated questions and escalate
[CodeMentorAgent] Failed to fetch student progress: {
  code: '22P02',
  details: null,
  hint: null,
  message: 'invalid input syntax for type uuid: "escalation-test-1763813160608"'
}

stderr | tests/integration/guidewire-guru-flow.test.ts > Guidewire Guru Integration Flow > Escalation Flow > should detect repeated questions and escalate
[CodeMentorAgent] Failed to update progress: {
  code: '22P02',
  details: null,
  hint: null,
  message: 'invalid input syntax for type uuid: "escalation-test-1763813160608"'
}

stdout | tests/integration/guidewire-guru-flow.test.ts > Guidewire Guru Integration Flow > Escalation Flow > should detect repeated questions and escalate
[CoordinatorAgent] Logging interaction for: escalation-test-1763813160608

stderr | tests/integration/guidewire-guru-flow.test.ts > Guidewire Guru Integration Flow > Escalation Flow > should detect repeated questions and escalate
[CoordinatorAgent] Supabase INSERT error: {
  code: '22P02',
  details: null,
  hint: null,
  message: 'invalid input syntax for type integer: "236.14533299999948"'
}

 ✓ tests/integration/guidewire-guru-flow.test.ts > Guidewire Guru Integration Flow > Escalation Flow > should detect repeated questions and escalate 1985ms
stdout | tests/integration/guidewire-guru-flow.test.ts > Guidewire Guru Integration Flow > Performance Benchmarks > should meet response time targets
[CoordinatorAgent] Logging interaction for: 7198c52a-0985-4217-9b62-230da8129d0e

stderr | tests/integration/guidewire-guru-flow.test.ts > Guidewire Guru Integration Flow > Performance Benchmarks > should meet response time targets
[CoordinatorAgent] Supabase INSERT error: {
  code: '22P02',
  details: null,
  hint: null,
  message: 'invalid input syntax for type integer: "293.5320419999998"'
}

 ✓ tests/integration/guidewire-guru-flow.test.ts > Guidewire Guru Integration Flow > Performance Benchmarks > should meet response time targets 349ms
stdout | tests/integration/guidewire-guru-flow.test.ts > Guidewire Guru Integration Flow > Performance Benchmarks > should handle concurrent requests
[CoordinatorAgent] Logging interaction for: 7198c52a-0985-4217-9b62-230da8129d0e

stdout | tests/integration/guidewire-guru-flow.test.ts > Guidewire Guru Integration Flow > Performance Benchmarks > should handle concurrent requests
[CoordinatorAgent] Logging interaction for: 7198c52a-0985-4217-9b62-230da8129d0e

stdout | tests/integration/guidewire-guru-flow.test.ts > Guidewire Guru Integration Flow > Performance Benchmarks > should handle concurrent requests
[CoordinatorAgent] Logging interaction for: 7198c52a-0985-4217-9b62-230da8129d0e

stdout | tests/integration/guidewire-guru-flow.test.ts > Guidewire Guru Integration Flow > Performance Benchmarks > should handle concurrent requests
[CoordinatorAgent] Logging interaction for: 7198c52a-0985-4217-9b62-230da8129d0e

stdout | tests/integration/guidewire-guru-flow.test.ts > Guidewire Guru Integration Flow > Performance Benchmarks > should handle concurrent requests
[CoordinatorAgent] Logging interaction for: 7198c52a-0985-4217-9b62-230da8129d0e

stdout | tests/integration/guidewire-guru-flow.test.ts > Guidewire Guru Integration Flow > Performance Benchmarks > should handle concurrent requests
[CoordinatorAgent] Logging interaction for: 7198c52a-0985-4217-9b62-230da8129d0e

stdout | tests/integration/guidewire-guru-flow.test.ts > Guidewire Guru Integration Flow > Performance Benchmarks > should handle concurrent requests
[CoordinatorAgent] Logging interaction for: 7198c52a-0985-4217-9b62-230da8129d0e

stdout | tests/integration/guidewire-guru-flow.test.ts > Guidewire Guru Integration Flow > Performance Benchmarks > should handle concurrent requests
[CoordinatorAgent] Logging interaction for: 7198c52a-0985-4217-9b62-230da8129d0e

stdout | tests/integration/guidewire-guru-flow.test.ts > Guidewire Guru Integration Flow > Performance Benchmarks > should handle concurrent requests
[CoordinatorAgent] Logging interaction for: 7198c52a-0985-4217-9b62-230da8129d0e

stderr | tests/integration/guidewire-guru-flow.test.ts > Guidewire Guru Integration Flow > Performance Benchmarks > should handle concurrent requests
[CoordinatorAgent] Supabase INSERT error: {
  code: '22P02',
  details: null,
  hint: null,
  message: 'invalid input syntax for type integer: "246.65099999999984"'
}

stderr | tests/integration/guidewire-guru-flow.test.ts > Guidewire Guru Integration Flow > Performance Benchmarks > should handle concurrent requests
[CoordinatorAgent] Supabase INSERT error: {
  code: '22P02',
  details: null,
  hint: null,
  message: 'invalid input syntax for type integer: "260.997875"'
}

stderr | tests/integration/guidewire-guru-flow.test.ts > Guidewire Guru Integration Flow > Performance Benchmarks > should handle concurrent requests
[CoordinatorAgent] Supabase INSERT error: {
  code: '22P02',
  details: null,
  hint: null,
  message: 'invalid input syntax for type integer: "250.47000000000025"'
}

stderr | tests/integration/guidewire-guru-flow.test.ts > Guidewire Guru Integration Flow > Performance Benchmarks > should handle concurrent requests
[CoordinatorAgent] Supabase INSERT error: {
  code: '22P02',
  details: null,
  hint: null,
  message: 'invalid input syntax for type integer: "259.58475"'
}
[CoordinatorAgent] Supabase INSERT error: {
  code: '22P02',
  details: null,
  hint: null,
  message: 'invalid input syntax for type integer: "256.2979999999998"'
}

stderr | tests/integration/guidewire-guru-flow.test.ts > Guidewire Guru Integration Flow > Performance Benchmarks > should handle concurrent requests
[CoordinatorAgent] Supabase INSERT error: {
  code: '22P02',
  details: null,
  hint: null,
  message: 'invalid input syntax for type integer: "266.7819159999999"'
}
[CoordinatorAgent] Supabase INSERT error: {
  code: '22P02',
  details: null,
  hint: null,
  message: 'invalid input syntax for type integer: "272.6809579999999"'
}

stderr | tests/integration/guidewire-guru-flow.test.ts > Guidewire Guru Integration Flow > Performance Benchmarks > should handle concurrent requests
[CoordinatorAgent] Supabase INSERT error: {
  code: '22P02',
  details: null,
  hint: null,
  message: 'invalid input syntax for type integer: "268.1617500000002"'
}

stdout | tests/integration/guidewire-guru-flow.test.ts > Guidewire Guru Integration Flow > Performance Benchmarks > should handle concurrent requests
[CoordinatorAgent] Logging interaction for: 7198c52a-0985-4217-9b62-230da8129d0e

stderr | tests/integration/guidewire-guru-flow.test.ts > Guidewire Guru Integration Flow > Performance Benchmarks > should handle concurrent requests
[CoordinatorAgent] Supabase INSERT error: {
  code: '22P02',
  details: null,
  hint: null,
  message: 'invalid input syntax for type integer: "288.6758340000006"'
}

stderr | tests/integration/guidewire-guru-flow.test.ts > Guidewire Guru Integration Flow > Performance Benchmarks > should handle concurrent requests
[CoordinatorAgent] Supabase INSERT error: {
  code: '22P02',
  details: null,
  hint: null,
  message: 'invalid input syntax for type integer: "361.5332500000004"'
}

 ✓ tests/integration/guidewire-guru-flow.test.ts > Guidewire Guru Integration Flow > Performance Benchmarks > should handle concurrent requests 418ms
stdout | tests/integration/guidewire-guru-flow.test.ts > Guidewire Guru Integration Flow > Cost Tracking > should track cumulative costs accurately
[CoordinatorAgent] Logging interaction for: 7198c52a-0985-4217-9b62-230da8129d0e

stdout | tests/integration/guidewire-guru-flow.test.ts > Guidewire Guru Integration Flow > Cost Tracking > should track cumulative costs accurately
[CoordinatorAgent] Logging interaction for: 7198c52a-0985-4217-9b62-230da8129d0e

stdout | tests/integration/guidewire-guru-flow.test.ts > Guidewire Guru Integration Flow > Cost Tracking > should track cumulative costs accurately
[CoordinatorAgent] Logging interaction for: 7198c52a-0985-4217-9b62-230da8129d0e

stdout | tests/integration/guidewire-guru-flow.test.ts > Guidewire Guru Integration Flow > Cost Tracking > should track cumulative costs accurately
[CoordinatorAgent] Logging interaction for: 7198c52a-0985-4217-9b62-230da8129d0e

stdout | tests/integration/guidewire-guru-flow.test.ts > Guidewire Guru Integration Flow > Cost Tracking > should track cumulative costs accurately
[CoordinatorAgent] Logging interaction for: 7198c52a-0985-4217-9b62-230da8129d0e

stdout | tests/integration/guidewire-guru-flow.test.ts > Guidewire Guru Integration Flow > Cost Tracking > should track cumulative costs accurately
[CoordinatorAgent] Logging interaction for: 7198c52a-0985-4217-9b62-230da8129d0e

stdout | tests/integration/guidewire-guru-flow.test.ts > Guidewire Guru Integration Flow > Cost Tracking > should track cumulative costs accurately
[CoordinatorAgent] Logging interaction for: 7198c52a-0985-4217-9b62-230da8129d0e

stdout | tests/integration/guidewire-guru-flow.test.ts > Guidewire Guru Integration Flow > Cost Tracking > should track cumulative costs accurately
[CoordinatorAgent] Logging interaction for: 7198c52a-0985-4217-9b62-230da8129d0e

stdout | tests/integration/guidewire-guru-flow.test.ts > Guidewire Guru Integration Flow > Cost Tracking > should track cumulative costs accurately
[CoordinatorAgent] Logging interaction for: 7198c52a-0985-4217-9b62-230da8129d0e

stderr | tests/integration/guidewire-guru-flow.test.ts > Guidewire Guru Integration Flow > Cost Tracking > should track cumulative costs accurately
[CoordinatorAgent] Supabase INSERT error: {
  code: '22P02',
  details: null,
  hint: null,
  message: 'invalid input syntax for type integer: "212.42712500000016"'
}
[CoordinatorAgent] Supabase INSERT error: {
  code: '22P02',
  details: null,
  hint: null,
  message: 'invalid input syntax for type integer: "214.98062500000015"'
}

stderr | tests/integration/guidewire-guru-flow.test.ts > Guidewire Guru Integration Flow > Cost Tracking > should track cumulative costs accurately
[CoordinatorAgent] Supabase INSERT error: {
  code: '22P02',
  details: null,
  hint: null,
  message: 'invalid input syntax for type integer: "226.33891700000004"'
}

stderr | tests/integration/guidewire-guru-flow.test.ts > Guidewire Guru Integration Flow > Cost Tracking > should track cumulative costs accurately
[CoordinatorAgent] Supabase INSERT error: {
  code: '22P02',
  details: null,
  hint: null,
  message: 'invalid input syntax for type integer: "220.22491700000046"'
}

stdout | tests/integration/guidewire-guru-flow.test.ts > Guidewire Guru Integration Flow > Cost Tracking > should track cumulative costs accurately
[CoordinatorAgent] Logging interaction for: 7198c52a-0985-4217-9b62-230da8129d0e

stderr | tests/integration/guidewire-guru-flow.test.ts > Guidewire Guru Integration Flow > Cost Tracking > should track cumulative costs accurately
[CoordinatorAgent] Supabase INSERT error: {
  code: '22P02',
  details: null,
  hint: null,
  message: 'invalid input syntax for type integer: "247.47320800000034"'
}

stderr | tests/integration/guidewire-guru-flow.test.ts > Guidewire Guru Integration Flow > Cost Tracking > should track cumulative costs accurately
[CoordinatorAgent] Supabase INSERT error: {
  code: '22P02',
  details: null,
  hint: null,
  message: 'invalid input syntax for type integer: "239.47529200000008"'
}

stderr | tests/integration/guidewire-guru-flow.test.ts > Guidewire Guru Integration Flow > Cost Tracking > should track cumulative costs accurately
[CoordinatorAgent] Supabase INSERT error: {
  code: '22P02',
  details: null,
  hint: null,
  message: 'invalid input syntax for type integer: "238.3901250000008"'
}

stderr | tests/integration/guidewire-guru-flow.test.ts > Guidewire Guru Integration Flow > Cost Tracking > should track cumulative costs accurately
[CoordinatorAgent] Supabase INSERT error: {
  code: '22P02',
  details: null,
  hint: null,
  message: 'invalid input syntax for type integer: "244.9506250000004"'
}

stderr | tests/integration/guidewire-guru-flow.test.ts > Guidewire Guru Integration Flow > Cost Tracking > should track cumulative costs accurately
[CoordinatorAgent] Supabase INSERT error: {
  code: '22P02',
  details: null,
  hint: null,
  message: 'invalid input syntax for type integer: "264.073625"'
}

stderr | tests/integration/guidewire-guru-flow.test.ts > Guidewire Guru Integration Flow > Cost Tracking > should track cumulative costs accurately
[CoordinatorAgent] Supabase INSERT error: {
  code: '22P02',
  details: null,
  hint: null,
  message: 'invalid input syntax for type integer: "319.57024999999976"'
}

 ✓ tests/integration/guidewire-guru-flow.test.ts > Guidewire Guru Integration Flow > Cost Tracking > should track cumulative costs accurately 370ms
stdout | tests/integration/guidewire-guru-flow.test.ts > Guidewire Guru Integration Flow > Database Consistency > should maintain data integrity across interactions
[CoordinatorAgent] Logging interaction for: 7198c52a-0985-4217-9b62-230da8129d0e

stderr | tests/integration/guidewire-guru-flow.test.ts > Guidewire Guru Integration Flow > Database Consistency > should maintain data integrity across interactions
[CoordinatorAgent] Supabase INSERT error: {
  code: '22P02',
  details: null,
  hint: null,
  message: 'invalid input syntax for type integer: "211.96691699999974"'
}

stdout | tests/integration/guidewire-guru-flow.test.ts > Guidewire Guru Integration Flow > Database Consistency > should maintain data integrity across interactions
[CoordinatorAgent] Logging interaction for: 7198c52a-0985-4217-9b62-230da8129d0e

stderr | tests/integration/guidewire-guru-flow.test.ts > Guidewire Guru Integration Flow > Database Consistency > should maintain data integrity across interactions
[CoordinatorAgent] Supabase INSERT error: {
  code: '22P02',
  details: null,
  hint: null,
  message: 'invalid input syntax for type integer: "235.24941600000056"'
}

 × tests/integration/guidewire-guru-flow.test.ts > Guidewire Guru Integration Flow > Database Consistency > should maintain data integrity across interactions 605ms
   → expected 0 to be greater than or equal to 2

⎯⎯⎯⎯⎯⎯⎯ Failed Tests 3 ⎯⎯⎯⎯⎯⎯⎯

 FAIL  tests/integration/guidewire-guru-flow.test.ts > Guidewire Guru Integration Flow > Complete Question Flow > should complete full student question flow
AssertionError: expected 0 to be greater than 0
 ❯ tests/integration/guidewire-guru-flow.test.ts:120:36
    118| 
    119|       expect(interactions).toBeTruthy();
    120|       expect(interactions?.length).toBeGreaterThan(0);
       |                                    ^
    121| 
    122|       const interaction = interactions![0];

⎯⎯⎯⎯⎯⎯⎯⎯⎯⎯⎯⎯⎯⎯⎯⎯⎯⎯⎯⎯⎯⎯⎯⎯[1/3]⎯

 FAIL  tests/integration/guidewire-guru-flow.test.ts > Guidewire Guru Integration Flow > Complete Question Flow > should route different question types correctly
AssertionError: expected 'code_mentor' to be 'project_planner' // Object.is equality

Expected: "project_planner"
Received: "code_mentor"

 ❯ tests/integration/guidewire-guru-flow.test.ts:178:36
    176|         });
    177| 
    178|         expect(response.agentUsed).toBe(testCase.expectedAgent);
       |                                    ^
    179|       }
    180|     });

⎯⎯⎯⎯⎯⎯⎯⎯⎯⎯⎯⎯⎯⎯⎯⎯⎯⎯⎯⎯⎯⎯⎯⎯[2/3]⎯

 FAIL  tests/integration/guidewire-guru-flow.test.ts > Guidewire Guru Integration Flow > Database Consistency > should maintain data integrity across interactions
AssertionError: expected 0 to be greater than or equal to 2
 ❯ tests/integration/guidewire-guru-flow.test.ts:287:36
    285|         .eq('student_id', testUserId);
    286| 
    287|       expect(interactions?.length).toBeGreaterThanOrEqual(2);
       |                                    ^
    288| 
    289|       // Verify metadata consistency

⎯⎯⎯⎯⎯⎯⎯⎯⎯⎯⎯⎯⎯⎯⎯⎯⎯⎯⎯⎯⎯⎯⎯⎯[3/3]⎯

 Test Files  1 failed (1)
      Tests  3 failed | 5 passed (8)
   Start at  07:05:56
   Duration  6.73s (transform 57ms, setup 104ms, collect 81ms, tests 5.92s, environment 284ms, prepare 35ms)

